[HCP437 Charset Test
================================================================================

         	
    
                
 !"#$%&'()*+,-./
0123456789:;<=>?
@ABCDEFGHIJKLMNO
PQRSTUVWXYZ[\]^_
`abcdefghijklmno
pqrstuvwxyz{|}~
€‚ƒ„…†‡‰‹
‘’“”•–—™›
 ΅Ά£¤¥¦§¨©ª«¬­®―
°±²³΄µ¶·ΈΉΊ»Ό½ΎΏ
ΐΑΒΓΔΕΖΗΘΙΚΛΜΝΞΟ
ΠΡÒΣΤΥΦΧΨΩΪΫάέήί
ΰαβγδεζηθικλμνξο
πρςστυφχψωϊϋόύώÿ
