[2J[0m[28C[32m  [37m[25C[32m [37m
[35m [37m [35mk  i  l  l  [1ma[0;35m   h  e  r  t  z   o
[A[35C  r  i  g  i  [1mn[0;35m  [1ma[0;35m  [1ml[0;35m
[A[56C   s  k  e  t  c  h  :[37m
[26C[32m     [1;36ma[0;36mý:[1m,[0;32m   [36m$[1;31m 
[A[40C[0;32m [1;36m,[0;36ma$ýa[32m     [37m[4C[32m 
[A[56C[37m 
[26C[1;36mýa[0;36m,[32m [1;36m,[0;36ma$[1mý[0;36ma,
[A[36C[1m`$a[0m [36maý,[1maý[0;36m$a,[32m [36m,[1ma
[A[51Cý[0m
[26C[32m  [1;36m,$[0;36m²" a`ý$,[1mý[0;36m$a$ý`,[37m 
[A[46C[1;36m`[46m$[0;36m$,[32m [37m[4C[32m [35m [37m
[26C[32m [37m [36mi$i $[34m [1;30m,a[0;36maý`[32m 
[A[40C[37m,aa, [36mý[37m [36mi$i[37m[5C[32m [37m 
[26C[32m [37m [36m:$, [1;30ma$$$[46m$[40m$[0m$$$ýa$$a
[A[46C [36m,$;[37m [4C[32m [37m 
[26C[32m  [36m `ýa[32m [1;30m`$$[0;36m$[1;30m$$[0m$$$
[A[42C$$` [36ma[1mý[0;36m`[32m  [37m[4C[32m  [37m
[26C[32m  [36m  ý'[32m [1;30m [0m [1;30m`ý$[47m$[0m$
[A[40C$ý` þ[32m [36m`ý[37m [32m        [37m
[26C[32m           [36m,[37m``[32m           [37m[5C
[A[56C[35m [37m
[4C[35mú[37m [35m  [37m[4C[35mú[37m[8C[35múú[37m[4C
[A[27C[35mú[37m [35múú úúúúúkúHúzúúúúú ú[37m  [35mú[37m[4C
[A[56C[35mú[37m [35mú[37m[7C[35mú[37m[7C[35mú[37m
[32C[35m   [37m
[34C               [35m  [37m        
[34C[32m,ý"ý,[37m  [5C[35m    [37m
[34C[32m`a,a`[37m[4C[35m    [37m
[40C[35m    [37m
[27C[35m    [37m[6C[35m    [37m[10C[35m              [37m
[34C[35m    [37m[3C[32m [1ma"[0;32m``"a [37m
[32C[35m   [37m[6C[1;32mi[0;32m;[37m[4C[32mi;[37m
[41C[32m ýa,,aý [37m

[36C[32m ,[37m
[34C[32ma`[37m [32m  ý[37m
[3C[32m.[37m[26C[1;32m,a[0;32m$ýý[37m[3C[32m.a[37m[29C
[A[69C[32mø[37m
[20C[32m.[37m[7C[32m:[1mi`[0m[6C[32m`$,[37m
[27C[32m:i[37m[9C[32m;i[37m[29C[32m.[37m
[28C[32m$[37m[9C[32m;i[37m[5C[32ma`"a[37m
[9C[32mø[37m[17C[32m  ýa[37m[6C[32ma`[37m[6C[32m`a
[A[47C  `"[1mýa[0m
[18C[32m.[1m,[0;32maý"`"ýa, ,aý`  `"a,[37m[6C[32mi;[37m[4C
[A[51C[32m ;ia,[37m[14C[32m;[37m
[17C[1;32m:i[0;32m`[37m[6C[32m,$a`[37m[8C[32m`$,aý"`
[A[45C`ý  .,a`  [37m [32m`a [37m[10C[32m:[37m
[17C[32m$[37m[6C[1;32m,aý[0;32m"`"a,ý`  `ýaa$Sa [37m[5C
[A[49C[32m`a  ° [37m  [32m`$,[37m
[10C[32m.[37m[5C[32m.i,[37m[5C[32m$`[37m[4C[32m,$,[37m[5C
[A[38C[32m$`  `i[37m[6C[32mi:   [37m[3C[32mi:[37m[9C
[A[69C[32m.ý[37m
[14C[1;32ma`[0m[3C[32m`ý .[1m,[0;32maý ,  ýi: a`[37m[5C
[A[41C[32mý$.,aý`"aý` `a[37m[3C[32ma`  `a[37m[6C[32m
[A[70C,[37m
[9C[1;32m,a[0;32mý":[37m[6C[32m,$ý[37m[5C[32m.[1m,
[A[30C[0;32ma` `ýa,. .,aý` `  ,a$,  i;ý` `a,aý` `ýa,[37m
[9C[32m$[37m[4C[32mý,   ,$ý"ýa.,a[1mý[0;32m [37m[3C
[A[33C[32ma$ý   ,$`[37m[8C[32m`i;ý`,[37m[4C[32m:i[37m[6C
[A[68C[32m;i[37m[8C[32m.[37m
[4C[1;32m,a[0;32m`` `a, [1m,aý[0;32m` `;`[37m[4C[32m:
[A[26Ci[37m[7C[32m;aý`[37m[3C[32m`a,[37m[6C[32m,$' 
[A[54C  ý[37m[3C[32maý[37m[7C[32m$,[37m
[3C[1;32m,[0;32mý[37m[6C[32m`$;[37m [32m°[37m[4C
[A[20C[32ma,.[37m[3C[32m$a,[37m[4C[32m,$ý`a,.,a$ý``"
[A[47Ca,aý`ýa,ý`ýaý$,ý`  a,ý `ýa[37m
[3C[32m$[37m[7C[32mi: [37m[6C[32m,ý`  `[1m,[42m$[40m
[A[28C[0;32mý` `"$$[37m[7C[32m$[37m[4C[32m;$[37m[5C
[A[54C[1;32mi:[0m[4C[32m`i[37m[5C[32m$[37m[5C[32m
[A[73C$,[37m
[3C[32m;a [37m[5C[32m,$,[37m[6C[32m$[37m[5C[32m$[37m[7C
[A[34C[32m$:[37m[5C[32m,ia.,aý`  [37m[4C[1;32m$[0m[4C
[A[60C[32mi;ýa,aý$,[37m[4C[32m:i;,[37m
  [1;32m,[0;32m$`ýa,.,[1m$`[0;32m `ýa  ,[1maý[0;32m"ý,a
[A[25Cý`ýa.  [1m,aý[0;32m`"ýa, `[37m[3C[32m`a[37m[7C
[A[54C[32m,$ýa aý[37m[4C[32m°[37m [32m`$[37m[5C
[A[74C[32m$[37m  [32mi:[37m
  [1;32m$[0m[6C[32mi:  $`  ,$[37m[3C[32m,$[37m[3C
[A[27C[1;32maý[0;32m` ,$[37m[6C[32m$[37m[5C[32m i: 
[A[49C .,a `  `$[37m[9C[32mi:[37m[3C[32m$`[37m[3C
[A[78C[32m$[37m
 [32mi:[37m[6C[32m`a, `a, :i[37m[3C[32mi;  i;[37m[3C
[A[31C[32m`$a,  ,aýa,  ,aý[1m$[0;32m`   ;$,.,aý[37m[8C
[A[67C[32m,$.,aý$[37m
[32mý`$[37m[7C[32m,[1m$[0;32m"ý"   ýa, :i  `ýa,aý`[37m[5C
[A[38C[32m$,$`[37m[5C[32m`a, aý`[37m[3C[32m`$ ýa, ,a
[A[66Cý``[37m[4C[32mi:[37m
  [32m ýa,[37m[4C[32mi:[37m[8C[32m`[1ma"[0;32m` [37m[3C
[A[28C[32m,.[37m[7C[32m,$ý$ [37m[6C[32m$  ;[37m[6C
[A[58C[32m;[37m[7C[32m$[37m[6C[32m;$[37m[3C[32m [37m
  [32m,$;`"$ýý`ýa[37m[5C[32m.,$`   , ,$a,. ., ý`a,`a, 
[A[44C[37m  [32m,a`[37m[3C[32mýa,,aý"ýa, ,aý`a,. ,aý"$
[A[76C[37m [32m;i[37m
[32ma,$[37m[4C[32ma[37m[3C[32m,a`"ý"`` `ýa,aý`" `ýý"$[37m[5C
[A[39C[32m$[37m[3C[32m `[37m  [32m`ýa,aý`$,[37m[5C
[A[61C[32m;[37m[7C[32m$[37m[5C[32m`iý`[37m
[32m:i[37m[6C[32mýa;i`[37m[7C[32m`$; [37m[3C[32m°[37m[4C
[A[32C[32ma` '.,aýa,. .,aý`[37m[5C[32m:iý`[37m  [32m`
[A[61Cý[1ma[0m[5C[32ma;[37m[6C[32m;[37m
[32mi:[37m[8C[32m ¬[37m[9C[32m,$,[37m[6C[32m,a`ýaý`[37m[5C
[A[42C[32m,aý"```"ýa,[37m [32m$$[37m[6C[32m;$ýaaýý$,[37m[4C
[A[75C[32m$`[37m
[32m;$[37m[8C[32m a$aý"`"ýa,aý[37m  [32m`"ý"`$ [37m[8C
[A[40C[32m,$`[34m,aS$$$Sa,[32m`$,$a,[37m [32m.,aý[37m[6C
[A[69C[32mi:[37m [32m,a`[37m [32m$,[37m
 [32mi:[37m[8C[32m$;[37m[4C[32m.,,:ia$ýý""$[37m [32m
[A[30C:i.,aa$ýýý"[37m [34mi$$$$[1m$$$$[0;34m$i[37m 
[A[54C[32m"ýýý$aa,[37m[8C[32m$`[37m[5C[32mi;[37m
 [32m$ýa[37m[5C[32mai:a$ýý``[34m,,,,aaSS$[37m [32m$,ý`
[A[32C[34m,,,aaaSS$:$$$$$$$[1m$$[0;34m$$$SSaaa,,.[32m`"
[A[64Cýa,[37m [32m,i'[37m[7C[32m$[37m
[32m:i[37m  [32m`ý$ý"`[34m.,,aaSSS$$$$[1m$$$$[0;34m$.,a
[A[30CS$$$$$[1m$$[0;34m$$$ «$$$$$$$$$i$[1m$$$$[0;34m$$$$
[A[62CSSa,[32m`ý$,[37m[7C[32mi;[37m
[32mi$[37m[4C[32m$[37m [34m$$$$$$[1m$$[0;34m$$$$$$$$
[A[24C[1m$$[0;34m$$$$$$$$$$$$$$$  "ýS$$$Sý" $[1m$$
[A[56C[0;34m$$$$$$[1m$$[0;34m$$$i [32m$;[34m [37m[4C
[A[76C[32ma$,[37m
[32m$`a[37m[3C[32m`$[34m`$$$$$$$$$²$$$$$[1m$$[0;34m$$$
[A[29C$$ý"`[37m[11C[34m        $[1m$$[0;34m$$$$$$$$$$$$
[A[68C$ [32mi;[37m [32m`[37m[3C[32ma`[37m
  [32m,$,[37m  [32m`$[34m`$$$$$$$$$$$$$$$$$i$ý[37m   
[A[33C[32m     ACiD[37m[3C[34m$$$$$$$ $$$$$$$$$$$$$$$$i
[A[70C [32m$,[37m  [32m,$,[37m 
 [32m:$$$$S,$ý[1;33m ,a$$$$$$$$$$$$$$:[0m[3C[32mProducti
[A[39Cons[37m   [1;33m$$$$$$$ $$$$$$$ý"`ý$$$$$$i[0m [32m
[A[72C$S$$$$:[37m
 [32mi$$$$$$[37m [1;33m,$$$$$$$$$$$$$$$$$i[0m[5C[32m199
[A[36C6 [37m[7C[1;33m$$$$$$$ $$$$$$i    ;$$$$$$[0m [32m
[A[72C$$$$$$i[37m
 [32m'$$$$$[37m [1;33m:$$$$$ý"`ý$$$$$$$$$$[0m     [32mkH
[A[35Cz [37m[4C[1;33m,a$,$$$$$$$ $$$$$$$a,.a$$$$$$$:[0m 
[A[73C[32m$$$$$'[37m
[32m,iý`"ý$[37m [1;33mi$$$$i    ;$$$$$$$$$a[0m[9C[1;33m
[A[38C,a$$$Sý,ýS$$$$ $$$$$$$$$$$$$$$$$$i[0m [32m$ý"`ýi[37m
[32m;[37m[3C[32m,a$[37m [1;33m:$$$$$a,.a$$$$$$$$$$$$a, 
[A[33C.,a$$Sý`[0;32m      [1;37m [0;32m   [1;33m`[0;32m
[A[52C [1;33m$$$$$$$$$$$$²$$$$$:[0m [32m$a,[37m
[32ma,,i$$$$[37m [1;33mi$$$$$$$$$$$$$$$$$`$$$$$$$$ý 
[A[38C[0;32m      [1;37m,aý"S$a,[0;32m  [1;33m`$$$$$$$$
[A[63C$$$$$$$i[0m [32m$$$$i,,[37m
[32m$$$$$$[1m$[0;32m$$a[1;33m`ý$$S$$$$Sý"`$$$$  `ý$$$$;
[A[36C[0;32m       [37mÞ[1;47m$[40m$aýa"$$[0;32m   
[A[55C[1;33m;$`"ýS$$$$S$$ý`[0;32m,$$$$$$$$[37m
[32m$$$$$$[1m$[0;32m$$$$a,[37m [1;33m````[0m [32m .,a[37m[4C
[A[27C[32m a,.   . [37m[7C[1m i$$a,a$i[0m[4C[32m.SSa
[A[60C,.[1;33m````[0m [32m.,a$[1m$[0;32m$$$$$$$[37m
[32m$$$$$$$$$$$$$$$$$$$$$$$$$$$$$$$$$$i [37m[9C[1m`""ý"` [0m[4C
[A[56C[32m:¬$$$$$$$$$$$$[1m$$[0;32m$$$$$$$[37m
[32m$$$$$$$$$$$$$Si:iS$$$$$$$[1;42m$[0;32m$$$$$$$$$; [37m[18C
[A[55C[32m i$$$$$$$$$$$$$$[1m$[0;32m$$$$$$$[37m
[32m$$ý`"ý$$$$$$Si:SS$$$$$$$$$$$$$$$$$$$, [37m[17C[32mi$$
[A[58C$$$$$$$$$$$$$[1m$[0;32m$$ý"`ý$[37m
[32mý [37m[4C[32m`$$$$$$Si$$$$ý"`"ý$$$$$$$$¬$$$$a,    [37m[9C
[A[52C[32m.,ý$$S$$$$S$$$$$$$$$$`[37m[4C[32m [37m
[5C[32m,a[1m$[0;32m$$$$$$S²$$`[37m[5C[32m`$$$$$$$$$$$$
[A[37C$$$aa,,.  .,,aS$$$$$$$$$$SS$ý`[37m  [32m`"ý$,[37m
[4C[32ma$$[1m$$[0;32m$$$$$S$$$:[37m[5C[1;32m,$[0;32m$
[A[27C$$ý`ý$$$$$$$$$$$$$$$$$$$$$$$$$$$$$$Si$,[37m[6C[32m 
[A[73Cý,aa,[37m
[32m,  i$$[1m$$$[0;32m$$$$$$$$$i[37m[4C[1;32mi$[0;32m$
[A[26C$$$a,a$$$$$$$$$$ý` [37m  [32m`ý$$$$$$ý`ý$$$$i:$$[37m[7C
[A[73C[32m:$$$$;[37m
 [32m`ý$$$[1m$$[0;32m$$$$$$$$$$«[37m[4C[32m$$$$$$$$$$$$
[A[35C$$$$$$$$a[37m[6C[32m`"ý`[37m[5C[32m`ý$S:$$:[37m[7C
[A[74C[32m`ýý`[37m
[3C[32m`$$$[1m$[0;32m$$$$$$$$$$i[37m[4C[32m`$$$$$$$ý"ý
[A[34C$$$$$$$$[1m$$[0;32m$,[37m[5C[32m,[37m[5C[32m°[37m[3C
[A[61C[32m;$i$$i[37m[8C[32m;i[37m
[3C[32m,aý$$$$$$$$$$$$`[37m[6C[32m;"ý"`[37m[4C[32m `$
[A[37C$$$$$$[1m$[0;32m$$`ý[37m [32m"`[37m[9C[32m,[1m
[A[61C$[0;32m$S$$$:[37m[6C[32m,`[37m  [32mi[37m
[3C[32m$[37m[3C[32m`ý$$$$$$$$`[37m [32m`ý[37m [32ma 
[A[24C`[37m[4C[32ma$$a[37m [32m,[37m  [32m$$$$$$$$`[37m[7C
[A[53C[32m,ý`[37m  [32mý,$[1m$[0;32m$$$$$i[37m [32m`
[A[70C,[37m [32mý a,[37m  [32m:[37m
  [32m¬i:[37m[5C[32m,`"ý"`[37m [32m,[37m[10C[32m,"$$
[A[32Cý[37m[5C[32m`"ýý"$$$$a, [37m  [32m:[37m[6C[32m
[A[59C`$$$$$$:[37m  [32m$[37m[5C[32mi;[37m [32m.[37m
[32m`[37m[3C[32m`[37m[3C[32m,;[37m[8C[32m;,[37m[7C
[A[27C[32m:[37m[7C[32mi[37m[6C[32m;$$$$$i;,a,[37m[8C
[A[61C[32m`"ýý`, [37m [32mý,[37m[4C[32mý[37m  [32m.[37m
[3C[32m,ý`[37m[4C[32ma[37m[6C[32m.[37m[3C[32mýa,
[A[24C[37m  [32m,i[37m[6C[32m`:`[37m[3C[32m;i[37m 
[A[43C[32m`ý$$Sý`[37m[4C[32m`,ý`[37m [32m `a [37m[4C
[A[67C[32m;[37m  [32m `"`a,[37m
  [32mi;[37m[7C[32m;`[37m [32mý"`[37m[5C[32m`$,`
[A[26C[37m  [32m$a,. [37m[5C[32m,a$[37m[6C[32m:[37m[7C
[A[55C[32mi[37m[6C[32m;[37m[3C[32m,`[37m[7C[32m$
[A[76C[37m  [32m$[37m
[3C[32mia,[37m[4C[32m,`:`[37m[5C[32m°[37m[3C[32m$;
[A[25C.,aaýýý"    ````````""ýý  ,,.ý`[37m[5C[32m,[37m 
[A[63C[32mý"`ý,[37m[6C[32m ;[37m
  [32m,ý`[37m[3C[32m`ý,[37m[8C[32m  aaý``[37m[3C...,
[A[33C,,,aaaaaaaa,,....  [32m`"ýý$a,.`[37m[7C[32m$ .,aý`[37m
[32m  $      ,a`ýa, ,a    [37m  ,aaSS$$$$$$$$$$$$$$$$$[1m$
[A[47C[0m$$$SSSaa,,  [32m`"ýa [37m[3C[32m ;[37m[7C
[A[76C[32m`,[37m
[32m.a;,     $    a$ý` [37m ,aS$$$$$$$$$$$[1m$$[0m$$$$
[A[40C[1m$$[0m$$$$$$$iiý"`  .,,aaa,[32m   a$[37m[10C
[A[78C[32mi[37m
[32m$` `ýa,.a`,.,a  [34m [37m aS$$$S$i$$$$[1m$$$$$[47m$[40m
[A[36C$$$[0m$$$$$$$i:ý` ,aai::SS$$$$$Sa,[32m`ýa,[37m[6C
[A[77C[32m;[37m
[32m   $`      $ý [37m  a$$$$[1m$[0m$i:$$$[1m$$$$$$$$$
[A[37C[0m$$$$$$Si:ý ,:iiSS$i::i$$$$$$$$$a [32m`$,[37m 
[A[74C[32ma[37m [32m`[37m
[32m  $`      $` [37m ,$$$$$$$$i$[1;47m°[0m$$$$$$$$[1m$$
[A[36C[0m$$$$$Si:" ,:iiSS$$$$$ii$$$$$$$$$$$, [32m`$,[37m
[A[75C  [32m°[37m
[32m  ;i        [37m a$$$$$$$$$$$$$$$$$$$$[1m$$[0m$$SSii:
[A[43C` ,::iSS$$$$$$$$[1m$$$$$$$$$$[0m$$a [32m $,[37m
[32m,i``a, ,;  [37m a$$$$$$$$$$$$$$$$$ýýýSSS$Siii:`  ::iSS$
[A[51C$$$$$$$$[1m$$[0mi[1m$$$$[47m$[40m$$$[0m$$$  
[A[75C[32m$,aý[37m
[32m$     ,$'[37m  [1;30mi[0miSSS$$$S[1;30mý[0m"`ý$$ý,a
[A[29C$Saaa,,,..`"ý `.::iS$$$$$$$$$$$$$$$$[1m$$$$$[0m$$$i 
[A[75C [32m$[37m
[32m     ,$'[37m[3C[1;30m::iý"`[0m,,aa$$.  :$$$$$$$SSSSS
[A[39CSS$$a ::iiS$$$$$$$$S$$$$$$[1;47mö[0m$[1m$$$$[0m$$$
[A[74C: [32m:i[37m
[32m$    $'[37m[4C,,aa$$$$$$$$i  $$ýý""```"ý$$SSS$$, 
[A[46C[1;30m:[0m:iiS$$SSSiS$$$$$$$$$[1m$$$$[0m$$$i  
[A[77C[32m$,[37m
[32m`$,:i$,[37m ,$$$$$$ýýý""``` [15C`ý$$$$, [1;30m:[0m::
[A[50CiSiiiS$$$$$$$$$$i$[1m$$[0m$$$$$: [32m:i[37m
  [32m$` `$,[37m`$ý"`[10Ci; [16Ci$$$; [1;30m:.[0m:::iS$
[A[56C$$$$$$$$$$$:[1m$[0m$$$$$$i  [32m [37m
 [32mi[37m[3C[32m `$[37m[13Ci$$$$ [16C:$$$i [1;30m:::
[A[52C[0miiSS$$$$[30;47m$[37;40m$$$$$$$:$$$$$$$  [32m [37m
 [4C[32m  $[37m[13C;$[1m$[0m$$[1;30m;[0m  [1;30m.[0m[15C
[A[45C$$$[1;30m`[0m [1;30m.::i[0miSSS$$$$$$$$$[1m$[0m$
[A[69Ci$$$$$$  [32m$[37m
[32m:$[37m [32m °  $[37m  [1;30m`[0m:[1;30m.[0m[8Ci
[A[22C[1m$[0m$$[1;30m,[0m$[1;30m$i; . [0m[13C$$, 
[A[50C[1;30m::::i[0miiSSSS$$$$$$$$i:i$$$i [32m:i[37m
 [32mi:[37m  [32m  $[37m  [1;30m.[0m[9Ci$$$[1;30m,
[A[25C[0m$$[1;30m$ii:. .[0m[12Ci$$, [1;30mý:.::[0miii
[A[59CiSSSSSSSSi:::i$$: [32mi:[37m
  [32m`ýa,.$:[37m[9C [1;30m,[0mi "ý$[1m$[0m$$[1;30mS$
[A[30Ci:" [0m[12C:$$$a, [1;30m``""ýý[0mý[1;30mi[0miiii
[A[65CSSýýý"`` :  [32m$[37m
[3C[32m,a`"ýi[37m ia,. .,a[1;30m$:[0m[5C$$$$[1;30mS$i:
[A[33C:.[0m[8C,a$$$$$$$$$$aaaa,,,..,,,,aaaSSi:  [32m$,[37m
[3C[32m$[37m[4C[32m$[37m i$$$$$$[1;30m$$[0mi  $,  $$$
[A[29C$$[1;30mSi:a,[0m[3C[1;30m,a[0m$$$$$$$$$$$$$$$$$$$
[A[60C$SSS$$$$Sý"`` [32m   $`[37m
[3C[32m;i,[37m [32m,$,[37m ý$$$$[1;30m$$[0m$  :$$,  $$
[A[29C[1;30m$[0m$$$$[1;30m$$[0m$$$$$[1;30m$$$$[0mý"`"
[A[49Cý"`,a,[4C.::ii:ý`,a$$i  [32m [37m [32m,$,[37m
[5C[32ma`[37m  [32m$a,[37m  [1;30m`"[0m$$i  $$$$, ,$$$
[A[31C$$$$$$$$[1m$$[0m$$$, iSaS$Sý` a    `.:[4C;i$$: 
[A[73C[32m,aý`[37m [32mi[37m
[4C[32m$[37m[7C[32m$[37m  :$$a,i$$$$$$$$$$$$$i$$[1m$$$
[A[40C$$$[0m$$a `"ý` ,a$i  .:.:::  aý`[3C[32m,$`[37m
[4C[32mi;[37m[6C[32mi:[37m i$$$$$$$$$$$$$$$$$[1m$$$$$$
[A[39C$$[47m±$[40m$[0m$$$a, $$$$$:  i$iii:  ,aý[3C[32m$
[A[73C,[37m
[5C[32m`ýa,[37m [32m,a[37m [32mi[37m $$$$[30;47m$[40m
[A[20C[37m$$$SS$$$$$$$$«SS$$[1m$$[0m$$$$[1m$[0m$$$; $$
[A[52C$$$[3C$SSiSi  `,a`  [32m`$,[37m
 [32maýýa, [37m[6C[32m$[37m $S$$$$$SiS[1m$[0m$$$$$$$$$
[A[35C$$$$ö$$$$ýý""` $$$$$ :i$$$SiS: ` .aý  [32m`$[37m
[6C[32m`,[37m[5C[32m$[37m ;$$i$$$$;$$$$¬$$SSý`""``[10C
[A[49C:$$$$$i:S$$$$S$i  `[7C.[35m   [37m
[7C[32m;[37m[5C[32m i[37m i$$;SSý`""``[4C[1;30m,[0m 
[A[34C[1;30m.  [0m [11Ci$$$$$SiS$$$$Si$:[7C[35m  [37m
[A[75C³[35m   [37m
[3C[32m,aý` [37m[6C[32m`:,          [37m  [1;30ma$[0m
[A[31C [1;30m¬:    [0m[3C,[7C$$$$[1m$$[0m$S$$$$$S:$i[7C
[A[73C-[35m [47mz[37;40m--[35m [37m
[16C[32mi,[37m[4C[32m    [1;30m,ai:[47m$[40m   `   
[A[38C[0m:   ,,aa$$i$$$$[1m$$[0m$S$$$$S:iS$i [35m,a
[A[70C[37m [35m ,a,[37m [35m   [37m
[9C[32m,a,[37m[5C[32m$,[37m [32m   [37m [1;30ma[0m 
[A[26C[1;30mý[0m [1;30m`[0m  [1;30m    [0m,,aa,$$$$$$
[A[46C$$$$$[1m$$$$[0m$$$$SiS$$ý`[35m, `ý$a$`ýi  [37m
[7C[32m`[37m[5C[32m`,[37m[3C[32m$, [1;30m ý[0m .,.,
[A[28C,aaaS$$i$$$$$$$$$$$$$$$$$$$$$$ý"```[35m,a[37m [35m;
[A[67Cia,`ý$[37m  [35m:[37m
[6C[32ma[37m[11C[32m$i[37m $$S$$$i$$$$$$$$$$$$$$$$$$$$$
[A[49C$Sý"`` [32m.,,a[37m   [35m`ý$a$`ýi[37m[4C[35m'[37m
[7C[32m,[37m[6C[32ma[37m[3C[32m$;[37m i$i$$$$$a$$$$S
[A[35CS$$$$$$$$Sý"` [32m..,aý   [37m [32m`,[37m[5C[35m
[A[65C`ý$[37m  [35m:[37m[3C[35m`[37m
[9C[32m"ý `$[37m[4C[32m;$[37m  $$$Si:i$$$[1m$$[0m$$$$
[A[38C$Sý"` [32m,aý"` [37m [32mi$ [37m[5C[32miaý `
[A[64C[37m [32m,[37m[3C[35m,'[37m     
[8C[32ma`[37m[3C[32mi[37m[5C[32m$,[37m :$$$SiS$$$$$$
[A[35C$ý`  [32m,a  [37m[9C[32mý[37m [32ma[37m [32maý
[A[59C`[37m[6C[32ma[37m [1mkil[0mla h[1;30mertz[0m
[7C[32m$`[37m[4C[32m:[37m[5C[32m`$,[37m i$$$$$S$$$ý`
[A[35C  [32maý`[37m[3C[32ma,[37m[6C[32m,$[37m[6C
[A[59C[32m` ,[37m  [32ma[37m[3C/´cid raòor
[13C[32m.[37m[4C[32m,a`$[37m[3C`"""``[3C[32maý`$[37m[9C
[A[47C[32m`[37m [32m`[37m[3C[32m,[37m[7C[32m;[37m
[9C[32ma[37m [32m,[37m[10C[32m`ýa,..,aaý"`[37m[13C
[A[47C[32ma[37m [32mý,[37m[3C[32m`[37m[3C[32mý`[37m

[24C   ýýýý[5Cýýýýýýýý ýýýýýýýýýý$
[24C : $$$$Sý"`[7C       ``"ý$ $
[24C i $ý`[4C.,,aaSS$$$$SSa,      $
[24C $    ,aiS$$$$$SSSSi$$$[1m$[0m$$Sa:. $
[24C $ :iS$$iSý"[35m.,aS$$Sa,.[37m"ýS:$$SS $
[3C[1;34m:[0m[13C[1;34m.[0m[6C $a$$Sý`[1m a [0;35mi$
[A[37C[1;45m$[0;35m$iÃýi$$$i[1;37m , [0m`ýi$a$[11C
[A[67C[1;34m.[0m[9C[1;34m:[0m
  [1;34m°°°°°°°°°°°°°°°°°°°°°[0m  $ ` [1m   :i[0m [35m$$
[A[37C$$$,,S$$$$[1;37m $$$a,[0m` .  [1;34m°°°°°°°°°°°°°°°
[A[73C°°°°°°[0m
[5C[1;34m:[0m[18C   [1;30m.[0ma[1;30m.[37m     
[A[35C[0;35m`Si$$$$$$i$`[1;37m : [0m..,,[15C[1;34m:[0m
[24C a iiSS$$Saaa,,....,,aaaS$$S$[1m$[0m $
[24C $ iSi$:ii[1;30mS[47m$[0m$$$$$$$$$$$Siý"[31ma[37m"ý
[A[54C i
[24C $ Si:iS$SS:i[1;30mSSi[0m$$$$$$Si:[31m$[1;30;41m$[40m
[A[51C[0;31m$$i[37m :
[25C$aa  aa$aaa  aa aaaaa$aa[5C..

[25C [7C[35m,ú'[37m[3C              [35m.[37m
[13C[35m  [37m [35m,[37m[16C[35m`a,[37m[4C[35m,
[A[41C[37m [35m,[37m[5C [5C[35m'[37m  [1;35m.[0m 
[A[59C[1;35m,'`+,[0m
[13C[35m,"`[37m[3C[35m,[37m[8C [32m  [37m[3C[35m$$
[A[36C$a,.[37m [35m`[37m [35m`+[37m[8C[35m`¬, [1;34m
[A[57Cn[0;35m ,[1;31ma,[0m [1;35m ¬[0m  kHz/´cid
[5C[35m°[37m[8C[35m`ø  [37m[11C[35m  [37m[3C[35mi$
[A[36C$$[1;31m$[0;35m`  i`[37m[11C[35m$$,$$$$i[37m 
[A[64C[1;35m;[0m[8C[35m [37m
 [36m-[37m [36m--[1m-[0;36m-[1;35m,"`ý,[0m [36m---
[A[16C[35m: [36m---¿[37m[7C[35m  $,[1;34mv[0;35m:$²$
[A[38C[1;31m'[0;35m ,$`[37m[3C[32m [37m[8C[35mi$ý` 
[A[60C,$:[36m----[1m-[0;36m-[1m-[0;36m--[37m [35m,ø`ý
[A[77C[36m--[37m
[5C[1;35mú,`[0;35m a,[37m[4C[35m, i[37m[3C[1;36m³[0m[3C
[A[25C[35m.,a$a,`$,;$i[1;31m'[0;35m,i$'[37m[3C[35mø
[A[46C[37m  [1;31m.,[0;35ma$a, $$  ,$`[37m[8C[35m.,a$
[A[74Ca,  [37m
  [35m [1;34mm[0;35m [1;31m,.[0;35m,$ý$$, i$, $,[1;34ml
[A[21C[36m³[0m  [35mi$`[37m[3C[35m$i,$$$; ¬$,[37m[6C
[A[47C[1;31mi[0;35m$`[37m[3C[35m$i$$  i[37m[3C[35m 
[A[64C[1;31m,[0;35ma$  i$`[37m[3C[35m$[1;31mi,[0m
  [35m [1;31ma,[0;35mý`ý` `$$$$$$ [1;31m`[0;35m$,,a$:$[37m[4C
[A[30C[35mi$$`$i[37m[3C[35m`ý$a,[1;34mL[0;35m  :$[37m[4C
[A[53C[35mi[1;45m°[0;35m$$[37m[3C[35ma[1;31m.a
[A[63C[0;35mý`ý$  :$[37m[4C[35mi[1;45m°[0;35m$[37m
  [35m [1;31mi[0;35m$,[37m  [35m`[37m  [35m $$: $i 
[A[19C[1;31m`$[0;35mý`  $[1;34me[0;35m ,a$ý` `$[37m[6C
[A[42C[35m`ý$a,[37m [35m$  ,a$ý`[37m[3C[1;36m³[0m 
[A[61C[1;31mi[0;35m$[37m[7C[35m$  ,a$ý`[37m
[4C[1;31m¬[0;35m$a [37m[3C[35mi$i aa$:[37m  [1;36m³
[A[22C[0m  [35mi$,ý`  [37m[4C[35m` ,aý`ýa `$¬i$,ý`
[A[52C[1;34me[0;35m [37m[5C[1;36m³[0m [35m$$[37m[3C
[A[66C[35m:  i$,ý`[1;34me[0;35m [37m
[5C[35m$$$a,.$«$ý`[37m [1;34ma[0;35m$,[37m [36m³[37m 
[A[23C [35m`ý$a,.,[37m[3C[35m°[37m  [35m;[37m[3C
[A[41C[1;34mo[0;35m;i  $`ý$a,.,[37m[5C[36m³[37m [35m
[A[61C$$[37m[3C[35mi  `ý$a,.,[37m
[3C[1;35m, [0;35mi$$ý`[37m [35m,ú[37m[6C[35m$,[37m[6C
[A[27C[35m`ý$$[37m[6C[35m ýa,aý`  `[37m [1;35m.[0m 
[A[50C[1;31m`ý[0;35m$$[37m[5C[36m³[37m [35mi$[1;34m
[A[63CC[0;35m  $ [37m  [1;35m.[0m [35m`ý$$[37m
  [1;35m;  [0;35m:$`[37m[12C[35mi,[37m[8C[35m`.[37m[15C
[A[47C[1;35m`[0m  [1;35m'.[0m [35m`[37m[5C[36m³
[A[60C[37m [35m:$,.i$`[37m [1;35m`[0m  [1;35m'.[0m 
[A[75C[35m`[37m
[3C[1;35m`.[0;35m ý,[37m[13C[35m: [37m[7C[35m',[37m[25C
[A[57C[36m: [1;46m³[0;36m :[35m`ý$$$ [37m   [3C
[A[74C[1;35m`ø`[0m
[5C[1;35m'[0m [35m,` [37m[11C[36m³[35m. [37m[4C
[A[28C[35mä`[37m[29C[36m³[37m[5C[35m`ý[37m
[4C[1;35m`[0m[11C[35m [37m[4C[36mÀ--[1;30mR[0;36m-
[A[26C[1;30mA[0;36m-[1;30mZ[0;36m-[1;30mO[0;36m-
[A[32C[1;30mR[0;36m--[1;30mM[0;36m-[37me[36m-[1;30mm
[A[40C[0;36m-[37mb[36m-[37me[36m-[37mr[36m--[37mB
[A[49C[36m-[1;37mo[0;36m-[37ma[36m-[1;37mr[0;36m-
[A[56C[1;37md[0;36m--Ù[35m     `,[37m
[34CEgoistic Fate[17C[35m+`[37m
[0mSAUCE00Malevolence                        Killa Hertz         ACiD Productions    19961201áP  P •                             